Renesas Optimizing Linker (V3.05.00 )             04-Nov-2025 12:19:47

*** Options ***

-MAKEUD=DefaultBuild\rl78EPL80.lk.ud
-subcommand=Output\rl78EPL80.clnk
-Input=Output\dMisc.obj
-Input=Output\cstart.obj
-Input=Output\hdwinit.obj
-Input=Output\stkinit.obj
-Input=Output\main.obj
-Input=Output\dDisplay.obj
-Input=Output\AppDisplay.obj
-Input=Output\AppVariables.obj
-Input=Output\dClock.obj
-Input=Output\AppPowerOnInit.obj
-Input=Output\d8bitTimer.obj
-Input=Output\dRtc.obj
-Input=Output\AppMisc.obj
-Input=Output\di2c.obj
-Input=Output\dIOCtrl.obj
-Input=Output\dUart.obj
-Input=Output\d12bitTimer.obj
-Input=Output\dDeltaSigmaADC.obj
-Input=Output\AppOneSecondTask.obj
-Input=Output\AppBilling.obj
-Input=Output\AppMD.obj
-Input=Output\AppScheduleAction.obj
-Input=Output\AppTod.obj
-Input=Output\AppBlockDailyLS.obj
-Input=Output\AppCalibration.obj
-Input=Output\AppCommunication.obj
-Input=Output\AppIntervalkWh.obj
-Input=Output\r_dlms_data.obj
-Input=Output\r_dlms_data_hls.obj
-Input=Output\r_dlms_data_ic.obj
-Input=Output\r_dlms_data_meter.obj
-Input=Output\r_dlms_user_interface.obj
-Input=Output\r_dlms_obis.obj
-Input=Output\r_dlms_obis_ic.obj
-Input=Output\serial.obj
-Input=Output\Timer.obj
-Input=Output\DLMS_User.obj
-Input=Output\AppTampers.obj
-Input=Output\AppBatteryManagement.obj
-Input=Output\dWatchDog.obj
-Input=Output\dVBat.obj
-Input=Output\dLVD.obj
-Input=Output\AppNMTask.obj
-Input=Output\AppProductionProcess.obj
-Input=Output\AppParaLimits.obj
-Input=Output\AppDefaultSet.obj
-Input=Output\BootResetVTable.obj
-Input=Output\dOsd.obj
-Input=Output\AppHarmonics.obj
-Input=Output\dDCImmunity.obj
-Input=Output\AppCustomerProtocol.obj
-Input=Output\AppUpdateComments.obj
-LIBrary=rlDlms\meter_app\aes\AES_128_EBC_CCRL.lib
-LIBrary=rlDlms\Lib\DLMSLib_RL78_V0.8.9_Common_IndiaSupport_CCRL_V106_AutoNoFar_OptimizeCode.lib
-LIBrary=rlDevice\DCImmunity\ccrl_rl78i1c_sw_dc_detection_only.lib
-SECURITY_ID=00000000000000000000
-DEVICE=C:\Program Files (x86)\Renesas Electronics\CS+\CC\Device\RL78\Devicefile\DR5F11TLG.DVF
-DEBug
-NOCOmpress
-NOOPtimize
-OUtput=DefaultBuild\rl78EPL80.abs
-LIBrary=C:\Program Files (x86)\Renesas Electronics\CS+\CC\CC-RL\V1.12.00\lib\rl78em4s.lib
-LIBrary=C:\Program Files (x86)\Renesas Electronics\CS+\CC\CC-RL\V1.12.00\lib\malloc_n.lib
-LIBrary=C:\Program Files (x86)\Renesas Electronics\CS+\CC\CC-RL\V1.12.00\lib\rl78em4r.lib
-OCDBG=84
-DEBUG_MONITOR
-USER_OPT_BYTE=FE5FE2
-LISt=DefaultBuild\rl78EPL80.map
-SHow=SYmbol,Reference,Xreference,Total_size,VECTOR,STRUCT,RELOCATION_ATTRIBUTE
-STARt=.const,.text,.RLIB,.SLIB,.textf,.constf,.data,.sdata/03000,.dataR,.bss/FDF00,.sdataR,.sbss/FFE20
-ROm=.data=.dataR
-ROm=.sdata=.sdataR
-NOMessage
-NOLOgo
-end

*** Error information ***

*** Mapping List ***

SECTION                            START      END         SIZE   ALIGN ATTRIBUTE
.vect
                                  00000000  0000007f        80   0     OTHER
.option_byte
                                  000000c0  000000c3         4   1     OPT_BYTE
.security_id
                                  000000c4  000000cd         a   1     SECUR_ID
.monitor1
                                  000000ce  000000d7         a   1     DATA_AT
DEFAULT_SET_AT400
                                  00000400  00000537       138   1     TEXT_AT
BOOT_VTABLE_AT1000
                                  00001000  00002fff      2000   1     TEXT_AT
.const
                                  00003000  0000619d      319e   2     CONST
.text
                                  0000619e  0000697d       7e0   1     TEXT
.RLIB
                                  0000697e  00007374       9f7   1     TEXTF
.SLIB
                                  00007375  00007ae2       76e   1     TEXTF
.textf
                                  00007ae3  0001b516     13a34   1     TEXTF
.constf
                                  0001b518  0001b557        40   2     CONSTF
.data
                                  0001b558  0001ba37       4e0   2     DATA
.sdata
                                  0001ba38  0001ba38         0   2     SDATA
.monitor2
                                  0001fe00  0001ffff       200   1     DATA_AT
.dataR
                                  000fdf00  000fe3df       4e0   2     DATA(R)
.bss
                                  000fe3e0  000ffd91      19b2   2     BSS
.sdataR
                                  000ffe20  000ffe20         0   2     SDATA(R)
.sbss
                                  000ffe20  000ffe20         0   2     SBSS

*** Total Section Size ***

RAMDATA SECTION:  00001e92 Byte(s)
ROMDATA SECTION:  00003956 Byte(s)
PROGRAM SECTION:  000174b1 Byte(s)

*** Symbol List ***

SECTION=
FILE=                               START        END    SIZE
  SYMBOL                            ADDR        SIZE    INFO      COUNTS  OPT
    STRUCT                                      SIZE
      MEMBER                        ADDR        SIZE    INFO

SECTION=.vect
FILE=rlink_generates_04
                                  00000000  0000007f        80

SECTION=.option_byte
FILE=rlink_generates_01
                                  000000c0  000000c3         4

SECTION=.security_id
FILE=rlink_generates_03
                                  000000c4  000000cd         a

SECTION=.monitor1
FILE=rlink_generates_02
                                  000000ce  000000d7         a

SECTION=DEFAULT_SET_AT400
FILE=Output\AppDefaultSet.obj
                                  00000400  00000537       138
  FLASH_FW_VERSION
                                  00000400         0   none ,l         0
  FLASH_NO_OF_CATEGORY
                                  00000410         0   none ,l         0
  FLASH_PRE_BILL_SINGLE_ACTION
                                  00000411         0   none ,l         0
  FLASH_PASSIVE_SEA_ACT_TIME
                                  00000417         0   none ,l         0
  FLASH_MD_PERIOD
                                  0000041d         0   none ,l         0
  FLASH_LS_PERIOD
                                  00000420         0   none ,l         0
  FLASH_PRE_BILL_DAY_TYPE
                                  00000423         0   none ,l         0
  FLASH_ACTIVE_CAL_NAME
                                  00000426         0   none ,l         0
  FLASH_ACTIVE_SEASON1_ZONE_TIME
                                  0000045d         0   none ,l         0
  FLASH_ACTIVE_SEASON2_ZONE_TIME
                                  00000477         0   none ,l         0
  FLASH_ACTIVE_SEASON_TIME
                                  00000491         0   none ,l         0
  FLASH_PASSIVE_CAL_NAME
                                  00000499         0   none ,l         0
  FLASH_PASSIVE_SEASON1_ZONE_TIME
                                  000004d0         0   none ,l         0
  FLASH_PASSIVE_SEASON2_ZONE_TIME
                                  000004ea         0   none ,l         0
  FLASH_PASSIVE_SEASON_TIME
                                  00000504         0   none ,l         0
  FLASH_IS_MEMORY_CLEARED
                                  0000050c         0   none ,l         0
  FLASH_DEFAULT_LLS_KEY
                                  00000511         0   none ,l         0
  FLASH_DEFAULT_HLS_KEY
                                  0000051a         0   none ,l         0
  FLASH_DEFAULT_KONO
                                  0000052b         0   none ,l         0
  FLASH_DEFAULT_LAG_ONLY_CONFIG
                                  00000536         0   none ,l         0

SECTION=BOOT_VTABLE_AT1000
FILE=Output\BootResetVTable.obj
                                  00001000  00002fff      2000

SECTION=.const
FILE=Output\AppDisplay.obj
                                  00003000  00003d4f       d50
  _lcdParamIDBuff
                                  00003000       29a   data ,g         2
  _txtmsg
                                  0000329a       300   data ,g        11
  _disp
                                  0000359a       7a8   data ,g         f
    struct lcdmap {
                                                   e
      _disp.Data
                                  0000359a         4   [near pointer]
      _disp.eep_addr
                                  0000359c         1   unsigned char
      _disp.digits
                                  0000359d         1   unsigned char
      _disp.offset
                                  0000359e         1   unsigned char
      _disp.modifier
                                  0000359f         1   unsigned char
      _disp.divisor
                                  000035a0         1   unsigned char
      _disp.symbol1
                                  000035a1         1   unsigned char
      _disp.symbol2
                                  000035a2         1   unsigned char
      _disp.symbol3
                                  000035a3         1   unsigned char
      _disp.id
                                  000035a4         1   unsigned char
      _disp.txtid
                                  000035a5         1   unsigned char
      _disp.time
                                  000035a6         1   unsigned char
      _disp.startdigit
                                  000035a7         1   unsigned char
    }
  _digit
                                  00003d42         a   data ,g         4
FILE=Output\di2c.obj
                                  00003d50  00003d53         4
FILE=Output\AppBlockDailyLS.obj
                                  00003d54  00003d57         4
  _gbltotaldays
                                  00003d54         4   data ,g         4
FILE=Output\AppCommunication.obj
                                  00003d58  00003d7b        24
  _eeprom_default_set
                                  00003d58        24   data ,g         1
FILE=Output\r_dlms_data.obj
                                  00003d7c  00003efb       180
  _g_Class07_InstScalerBuffer
                                  00003d7c        22   data ,g         1
    struct tag_scaler_unit_t {
                                                   2
      _g_Class07_InstScalerBuffer.scaler
                                  00003d7c         1   signed char
      _g_Class07_InstScalerBuffer.unit
                                  00003d7d         1   enum tag_physical_unit_t
    }
  _g_Class07_BlockloadScalerBuffer
                                  00003d9e         a   data ,g         1
    struct tag_scaler_unit_t {
                                                   2
      _g_Class07_BlockloadScalerBuffer.scaler
                                  00003d9e         1   signed char
      _g_Class07_BlockloadScalerBuffer.unit
                                  00003d9f         1   enum tag_physical_unit_t
    }
  _g_Class07_DailyloadScalerBuffer
                                  00003da8         8   data ,g         1
    struct tag_scaler_unit_t {
                                                   2
      _g_Class07_DailyloadScalerBuffer.scaler
                                  00003da8         1   signed char
      _g_Class07_DailyloadScalerBuffer.unit
                                  00003da9         1   enum tag_physical_unit_t
    }
  _g_Class07_BillingScalerBuffer
                                  00003db0        4c   data ,g         1
    struct tag_scaler_unit_t {
                                                   2
      _g_Class07_BillingScalerBuffer.scaler
                                  00003db0         1   signed char
      _g_Class07_BillingScalerBuffer.unit
                                  00003db1         1   enum tag_physical_unit_t
    }
  _g_Class07_Event0ScalerBuffer
                                  00003dfc         a   data ,g         1
    struct tag_scaler_unit_t {
                                                   2
      _g_Class07_Event0ScalerBuffer.scaler
                                  00003dfc         1   signed char
      _g_Class07_Event0ScalerBuffer.unit
                                  00003dfd         1   enum tag_physical_unit_t
    }
FILE=Output\r_dlms_data_ic.obj
                                  00003efc  00005433      1538
  _g_Class07_Dailyload_CapturePeriod
                                  00003efc         4   data ,g         1
  _g_AccessRightTable
                                  00003f00        b4   data ,g        6b
    struct tag_access_right_t {
                                                   6
      _g_AccessRightTable.attributes
                                  00003f00         4   unsigned long
      _g_AccessRightTable.methods
                                  00003f04         2   unsigned short
    }
  _g_Class01_Dailyload_interval
                                  00003fb4         4   data ,g         1
  _g_ChildTableClass01
                                  00003fb8       1b0   data ,g         3
    struct tag_class01_child_record_t {
                                                  12
      _g_ChildTableClass01.logical_name
                                  00003fb8         6   unsigned char
      _g_ChildTableClass01.p_access_right
                                  00003fbe         4   [near pointer]
      _g_ChildTableClass01.value
                                  00003fc0         a
    struct tag_dyn_value_t {
                                                   a
      _g_ChildTableClass01.value.choice
                                  00003fc0         2
    struct tag_choice_t {
                                                   2
      _g_ChildTableClass01.value.choice.type
                                  00003fc0         1   enum tag_attr_type_t
      _g_ChildTableClass01.value.choice.size
                                  00003fc1         1   signed char
    }
      _g_ChildTableClass01.value.buffer
                                  00003fc2         4   [near pointer]
      _g_ChildTableClass01.value.access
                                  00003fc4         6
    struct tag_attr_access_t {
                                                   6
      _g_ChildTableClass01.value.access.method
                                  00003fc4         1   enum tag_attr_access_method_t
      _g_ChildTableClass01.value.access.addr
                                  00003fc6         2   unsigned short
      _g_ChildTableClass01.value.access.size
                                  00003fc8         2   unsigned short
    }
    }
    }
  _g_ChildTableLengthClass01
                                  00004168         2   data ,g         2
  _g_ChildTableClass03
                                  0000416a       2e4   data ,g         3
    struct tag_class03_child_record_t {
                                                  14
      _g_ChildTableClass03.logical_name
                                  0000416a         6   unsigned char
      _g_ChildTableClass03.p_access_right
                                  00004170         4   [near pointer]
      _g_ChildTableClass03.value
                                  00004172         a
    struct tag_dyn_value_t {
                                                   a
      _g_ChildTableClass03.value.choice
                                  00004172         2
    struct tag_choice_t {
                                                   2
      _g_ChildTableClass03.value.choice.type
                                  00004172         1   enum tag_attr_type_t
      _g_ChildTableClass03.value.choice.size
                                  00004173         1   signed char
    }
      _g_ChildTableClass03.value.buffer
                                  00004174         4   [near pointer]
      _g_ChildTableClass03.value.access
                                  00004176         6
    struct tag_attr_access_t {
                                                   6
      _g_ChildTableClass03.value.access.method
                                  00004176         1   enum tag_attr_access_method_t
      _g_ChildTableClass03.value.access.addr
                                  00004178         2   unsigned short
      _g_ChildTableClass03.value.access.size
                                  0000417a         2   unsigned short
    }
    }
      _g_ChildTableClass03.scaler_unit
                                  0000417c         2
    struct tag_scaler_unit_t {
                                                   2
      _g_ChildTableClass03.scaler_unit.scaler
                                  0000417c         1   signed char
      _g_ChildTableClass03.scaler_unit.unit
                                  0000417d         1   enum tag_physical_unit_t
    }
    }
  _g_ChildTableLengthClass03
                                  0000444e         2   data ,g         2
  _g_Class04_ActiveMDStatus
                                  00004450         3   data ,g        11
  _g_Class04_ApparentMDStatus
                                  00004453         3   data ,g         1
  _g_ChildTableClass04
                                  00004456       2d0   data ,g         3
    struct tag_class04_child_record_t {
                                                  28
      _g_ChildTableClass04.logical_name
                                  00004456         6   unsigned char
      _g_ChildTableClass04.p_access_right
                                  0000445c         4   [near pointer]
      _g_ChildTableClass04.value
                                  0000445e         a
    struct tag_dyn_value_t {
                                                   a
      _g_ChildTableClass04.value.choice
                                  0000445e         2
    struct tag_choice_t {
                                                   2
      _g_ChildTableClass04.value.choice.type
                                  0000445e         1   enum tag_attr_type_t
      _g_ChildTableClass04.value.choice.size
                                  0000445f         1   signed char
    }
      _g_ChildTableClass04.value.buffer
                                  00004460         4   [near pointer]
      _g_ChildTableClass04.value.access
                                  00004462         6
    struct tag_attr_access_t {
                                                   6
      _g_ChildTableClass04.value.access.method
                                  00004462         1   enum tag_attr_access_method_t
      _g_ChildTableClass04.value.access.addr
                                  00004464         2   unsigned short
      _g_ChildTableClass04.value.access.size
                                  00004466         2   unsigned short
    }
    }
      _g_ChildTableClass04.scaler_unit
                                  00004468         2
    struct tag_scaler_unit_t {
                                                   2
      _g_ChildTableClass04.scaler_unit.scaler
                                  00004468         1   signed char
      _g_ChildTableClass04.scaler_unit.unit
                                  00004469         1   enum tag_physical_unit_t
    }
      _g_ChildTableClass04.status
                                  0000446a         a
    struct tag_dyn_value_t {
                                                   a
      _g_ChildTableClass04.status.choice
                                  0000446a         2
    struct tag_choice_t {
                                                   2
      _g_ChildTableClass04.status.choice.type
                                  0000446a         1   enum tag_attr_type_t
      _g_ChildTableClass04.status.choice.size
                                  0000446b         1   signed char
    }
      _g_ChildTableClass04.status.buffer
                                  0000446c         4   [near pointer]
      _g_ChildTableClass04.status.access
                                  0000446e         6
    struct tag_attr_access_t {
                                                   6
      _g_ChildTableClass04.status.access.method
                                  0000446e         1   enum tag_attr_access_method_t
      _g_ChildTableClass04.status.access.addr
                                  00004470         2   unsigned short
      _g_ChildTableClass04.status.access.size
                                  00004472         2   unsigned short
    }
    }
      _g_ChildTableClass04.capture_time
                                  00004474         a
    struct tag_dyn_value_t {
                                                   a
      _g_ChildTableClass04.capture_time.choice
                                  00004474         2
    struct tag_choice_t {
                                                   2
      _g_ChildTableClass04.capture_time.choice.type
                                  00004474         1   enum tag_attr_type_t
      _g_ChildTableClass04.capture_time.choice.size
                                  00004475         1   signed char
    }
      _g_ChildTableClass04.capture_time.buffer
                                  00004476         4   [near pointer]
      _g_ChildTableClass04.capture_time.access
                                  00004478         6
    struct tag_attr_access_t {
                                                   6
      _g_ChildTableClass04.capture_time.access.method
                                  00004478         1   enum tag_attr_access_method_t
      _g_ChildTableClass04.capture_time.access.addr
                                  0000447a         2   unsigned short
      _g_ChildTableClass04.capture_time.access.size
                                  0000447c         2   unsigned short
    }
    }
    }
  _g_ChildTableLengthClass04
                                  00004726         2   data ,g         2
  _g_Class07_SortObject
                                  00004728         c   data ,g        10
    struct tag_class07_capture_object_t {
                                                   c
      _g_Class07_SortObject.logical_name
                                  00004728         6   unsigned char
      _g_Class07_SortObject.class_id
                                  0000472e         2   unsigned short
      _g_Class07_SortObject.attr_id
                                  00004730         2   unsigned short
      _g_Class07_SortObject.data_id
                                  00004732         2   unsigned short
    }
  _g_Class07_SortMethod
                                  00004734         1   data ,g        10
  _g_Class07_NoCapturePeriod
                                  00004736         4   data ,g         e
  _g_Class07_FixCurrentEntry
                                  0000473a         2   data ,g         7
  _g_Class07_UniqueEntries
                                  0000473c         4   data ,g         e
  _g_Class07_InstCaptureObjects
                                  00004740        d8   data ,g         1
    struct tag_class07_capture_object_t {
                                                   c
      _g_Class07_InstCaptureObjects.logical_name
                                  00004740         6   unsigned char
      _g_Class07_InstCaptureObjects.class_id
                                  00004746         2   unsigned short
      _g_Class07_InstCaptureObjects.attr_id
                                  00004748         2   unsigned short
      _g_Class07_InstCaptureObjects.data_id
                                  0000474a         2   unsigned short
    }
  _g_Class07_InstCaptureObjectsLength
                                  00004818         2   data ,g         1
  _PARA_RAM_SIZE_INSTANT
                                  0000481a        12   data ,g         1
  _g_Class07_InstCaptureObjects_Scaler
                                  0000482c        90   data ,g         1
    struct tag_class07_capture_object_t {
                                                   c
      _g_Class07_InstCaptureObjects_Scaler.logical_name
                                  0000482c         6   unsigned char
      _g_Class07_InstCaptureObjects_Scaler.class_id
                                  00004832         2   unsigned short
      _g_Class07_InstCaptureObjects_Scaler.attr_id
                                  00004834         2   unsigned short
      _g_Class07_InstCaptureObjects_Scaler.data_id
                                  00004836         2   unsigned short
    }
  _g_Class07_InstCaptureObjectsLength_Scaler
                                  000048bc         2   data ,g         1
  _g_Class07_BlockloadCaptureObjects
                                  000048be        48   data ,g         1
    struct tag_class07_capture_object_t {
                                                   c
      _g_Class07_BlockloadCaptureObjects.logical_name
                                  000048be         6   unsigned char
      _g_Class07_BlockloadCaptureObjects.class_id
                                  000048c4         2   unsigned short
      _g_Class07_BlockloadCaptureObjects.attr_id
                                  000048c6         2   unsigned short
      _g_Class07_BlockloadCaptureObjects.data_id
                                  000048c8         2   unsigned short
    }
  _g_Class07_BlockloadCaptureObjectsLength
                                  00004906         2   data ,g         1
  _PARA_RAM_SIZE_BLOCKLOAD
                                  00004908         6   data ,g         1
  _g_Class07_BlockloadCaptureObjects_Scaler
                                  0000490e        3c   data ,g         1
    struct tag_class07_capture_object_t {
                                                   c
      _g_Class07_BlockloadCaptureObjects_Scaler.logical_name
                                  0000490e         6   unsigned char
      _g_Class07_BlockloadCaptureObjects_Scaler.class_id
                                  00004914         2   unsigned short
      _g_Class07_BlockloadCaptureObjects_Scaler.attr_id
                                  00004916         2   unsigned short
      _g_Class07_BlockloadCaptureObjects_Scaler.data_id
                                  00004918         2   unsigned short
    }
  _g_Class07_BlockloadCaptureObjectsLength_Scaler
                                  0000494a         2   data ,g         1
  _g_Class07_Blockload_MaxEntries
                                  0000494c         4   data ,g         1
  _g_Class07_DailyloadCaptureObjects
                                  00004950        3c   data ,g         1
    struct tag_class07_capture_object_t {
                                                   c
      _g_Class07_DailyloadCaptureObjects.logical_name
                                  00004950         6   unsigned char
      _g_Class07_DailyloadCaptureObjects.class_id
                                  00004956         2   unsigned short
      _g_Class07_DailyloadCaptureObjects.attr_id
                                  00004958         2   unsigned short
      _g_Class07_DailyloadCaptureObjects.data_id
                                  0000495a         2   unsigned short
    }
  _g_Class07_DailyloadCaptureObjectsLength
                                  0000498c         2   data ,g         1
  _PARA_RAM_SIZE_DAILYLOAD
                                  0000498e         6   data ,g         1
  _g_Class07_DailyloadCaptureObjects_Scaler
                                  00004994        30   data ,g         1
    struct tag_class07_capture_object_t {
                                                   c
      _g_Class07_DailyloadCaptureObjects_Scaler.logical_name
                                  00004994         6   unsigned char
      _g_Class07_DailyloadCaptureObjects_Scaler.class_id
                                  0000499a         2   unsigned short
      _g_Class07_DailyloadCaptureObjects_Scaler.attr_id
                                  0000499c         2   unsigned short
      _g_Class07_DailyloadCaptureObjects_Scaler.data_id
                                  0000499e         2   unsigned short
    }
  _g_Class07_DailyloadCaptureObjectsLength_Scaler
                                  000049c4         2   data ,g         1
  _g_Class07_Dailyload_MaxEntries
                                  000049c6         4   data ,g         1
  _g_Class07_BillingCaptureObjects
                                  000049ca       2ac   data ,g         1
    struct tag_class07_capture_object_t {
                                                   c
      _g_Class07_BillingCaptureObjects.logical_name
                                  000049ca         6   unsigned char
      _g_Class07_BillingCaptureObjects.class_id
                                  000049d0         2   unsigned short
      _g_Class07_BillingCaptureObjects.attr_id
                                  000049d2         2   unsigned short
      _g_Class07_BillingCaptureObjects.data_id
                                  000049d4         2   unsigned short
    }
  _g_Class07_BillingCaptureObjectsLength
                                  00004c76         2   data ,g         1
  _PARA_RAM_SIZE_BILLING
                                  00004c78        39   data ,g         1
  _g_Class07_BillingCaptureObjects_Scaler
                                  00004cb2       1c8   data ,g         1
    struct tag_class07_capture_object_t {
                                                   c
      _g_Class07_BillingCaptureObjects_Scaler.logical_name
                                  00004cb2         6   unsigned char
      _g_Class07_BillingCaptureObjects_Scaler.class_id
                                  00004cb8         2   unsigned short
      _g_Class07_BillingCaptureObjects_Scaler.attr_id
                                  00004cba         2   unsigned short
      _g_Class07_BillingCaptureObjects_Scaler.data_id
                                  00004cbc         2   unsigned short
    }
  _g_Class07_BillingCaptureObjectsLength_Scaler
                                  00004e7a         2   data ,g         1
  _g_Class07_Billing_MaxEntries
                                  00004e7c         4   data ,g         1
  _g_Class07_Event0CaptureObjects
                                  00004e80        54   data ,g         1
    struct tag_class07_capture_object_t {
                                                   c
      _g_Class07_Event0CaptureObjects.logical_name
                                  00004e80         6   unsigned char
      _g_Class07_Event0CaptureObjects.class_id
                                  00004e86         2   unsigned short
      _g_Class07_Event0CaptureObjects.attr_id
                                  00004e88         2   unsigned short
      _g_Class07_Event0CaptureObjects.data_id
                                  00004e8a         2   unsigned short
    }
  _g_Class07_Event1CaptureObjects
                                  00004ed4        54   data ,g         1
    struct tag_class07_capture_object_t {
                                                   c
      _g_Class07_Event1CaptureObjects.logical_name
                                  00004ed4         6   unsigned char
      _g_Class07_Event1CaptureObjects.class_id
                                  00004eda         2   unsigned short
      _g_Class07_Event1CaptureObjects.attr_id
                                  00004edc         2   unsigned short
      _g_Class07_Event1CaptureObjects.data_id
                                  00004ede         2   unsigned short
    }
  _g_Class07_Event2CaptureObjects
                                  00004f28        18   data ,g         1
    struct tag_class07_capture_object_t {
                                                   c
      _g_Class07_Event2CaptureObjects.logical_name
                                  00004f28         6   unsigned char
      _g_Class07_Event2CaptureObjects.class_id
                                  00004f2e         2   unsigned short
      _g_Class07_Event2CaptureObjects.attr_id
                                  00004f30         2   unsigned short
      _g_Class07_Event2CaptureObjects.data_id
                                  00004f32         2   unsigned short
    }
  _g_Class07_Event3CaptureObjects
                                  00004f40        18   data ,g         1
    struct tag_class07_capture_object_t {
                                                   c
      _g_Class07_Event3CaptureObjects.logical_name
                                  00004f40         6   unsigned char
      _g_Class07_Event3CaptureObjects.class_id
                                  00004f46         2   unsigned short
      _g_Class07_Event3CaptureObjects.attr_id
                                  00004f48         2   unsigned short
      _g_Class07_Event3CaptureObjects.data_id
                                  00004f4a         2   unsigned short
    }
  _g_Class07_Event4CaptureObjects
                                  00004f58        54   data ,g         1
    struct tag_class07_capture_object_t {
                                                   c
      _g_Class07_Event4CaptureObjects.logical_name
                                  00004f58         6   unsigned char
      _g_Class07_Event4CaptureObjects.class_id
                                  00004f5e         2   unsigned short
      _g_Class07_Event4CaptureObjects.attr_id
                                  00004f60         2   unsigned short
      _g_Class07_Event4CaptureObjects.data_id
                                  00004f62         2   unsigned short
    }
  _g_Class07_Event5CaptureObjects
                                  00004fac        18   data ,g         1
    struct tag_class07_capture_object_t {
                                                   c
      _g_Class07_Event5CaptureObjects.logical_name
                                  00004fac         6   unsigned char
      _g_Class07_Event5CaptureObjects.class_id
                                  00004fb2         2   unsigned short
      _g_Class07_Event5CaptureObjects.attr_id
                                  00004fb4         2   unsigned short
      _g_Class07_Event5CaptureObjects.data_id
                                  00004fb6         2   unsigned short
    }
  _g_Class07_Event0CaptureObjectsLength
                                  00004fc4         2   data ,g         1
  _g_Class07_Event1CaptureObjectsLength
                                  00004fc6         2   data ,g         1
  _g_Class07_Event2CaptureObjectsLength
                                  00004fc8         2   data ,g         1
  _g_Class07_Event3CaptureObjectsLength
                                  00004fca         2   data ,g         1
  _g_Class07_Event4CaptureObjectsLength
                                  00004fcc         2   data ,g         1
  _g_Class07_Event5CaptureObjectsLength
                                  00004fce         2   data ,g         1
  _PARA_RAM_SIZE_EVENT
                                  00004fd0         7   data ,g         1
  _g_Class07_Event0CaptureObjects_Scaler
                                  00004fd8        3c   data ,g         1
    struct tag_class07_capture_object_t {
                                                   c
      _g_Class07_Event0CaptureObjects_Scaler.logical_name
                                  00004fd8         6   unsigned char
      _g_Class07_Event0CaptureObjects_Scaler.class_id
                                  00004fde         2   unsigned short
      _g_Class07_Event0CaptureObjects_Scaler.attr_id
                                  00004fe0         2   unsigned short
      _g_Class07_Event0CaptureObjects_Scaler.data_id
                                  00004fe2         2   unsigned short
    }
  _g_Class07_Event0CaptureObjectsLength_Scaler
                                  00005014         2   data ,g         1
  _g_Class07_Event0_MaxEntries
                                  00005016         4   data ,g         0
  _g_Class07_Event1_MaxEntries
                                  0000501a         4   data ,g         0
  _g_Class07_Event2_MaxEntries
                                  0000501e         4   data ,g         0
  _g_Class07_Event3_MaxEntries
                                  00005022         4   data ,g         0
  _g_Class07_Event4_MaxEntries
                                  00005026         4   data ,g         0
  _g_Class07_NamePlateCaptureObjects
                                  0000502a        54   data ,g         1
    struct tag_class07_capture_object_t {
                                                   c
      _g_Class07_NamePlateCaptureObjects.logical_name
                                  0000502a         6   unsigned char
      _g_Class07_NamePlateCaptureObjects.class_id
                                  00005030         2   unsigned short
      _g_Class07_NamePlateCaptureObjects.attr_id
                                  00005032         2   unsigned short
      _g_Class07_NamePlateCaptureObjects.data_id
                                  00005034         2   unsigned short
    }
  _g_Class07_NamePlateCaptureObjectsLength
                                  0000507e         2   data ,g         1
  _g_ChildTableClass07
                                  00005080       180   data ,g         2
    struct tag_class07_child_record_t {
                                                  18
      _g_ChildTableClass07.logical_name
                                  00005080         6   unsigned char
      _g_ChildTableClass07.p_access_right
                                  00005086         4   [near pointer]
      _g_ChildTableClass07.p_buff
                                  00005088         4   [near pointer]
      _g_ChildTableClass07.p_capture_objects
                                  0000508a         4   [near pointer]
      _g_ChildTableClass07.p_capture_obj_length
                                  0000508c         4   [near pointer]
      _g_ChildTableClass07.p_capture_period
                                  0000508e         4   [near pointer]
      _g_ChildTableClass07.p_sort_method
                                  00005090         4   [near pointer]
      _g_ChildTableClass07.p_sort_object
                                  00005092         4   [near pointer]
      _g_ChildTableClass07.p_entries_in_use
                                  00005094         4   [near pointer]
      _g_ChildTableClass07.p_profile_entries
                                  00005096         4   [near pointer]
    }
  _g_ChildTableLengthClass07
                                  00005200         2   data ,g         1
  _g_Class08_RTC_DaylightSavingsBegin
                                  00005202         c   data ,g         1
    struct tag_date_time_t {
                                                   c
      _g_Class08_RTC_DaylightSavingsBegin.year_high
                                  00005202         1   unsigned char
      _g_Class08_RTC_DaylightSavingsBegin.year_low
                                  00005203         1   unsigned char
      _g_Class08_RTC_DaylightSavingsBegin.month
                                  00005204         1   unsigned char
      _g_Class08_RTC_DaylightSavingsBegin.day_of_month
                                  00005205         1   unsigned char
      _g_Class08_RTC_DaylightSavingsBegin.day_of_week
                                  00005206         1   unsigned char
      _g_Class08_RTC_DaylightSavingsBegin.hour
                                  00005207         1   unsigned char
      _g_Class08_RTC_DaylightSavingsBegin.minute
                                  00005208         1   unsigned char
      _g_Class08_RTC_DaylightSavingsBegin.second
                                  00005209         1   unsigned char
      _g_Class08_RTC_DaylightSavingsBegin.hundredths
                                  0000520a         1   unsigned char
      _g_Class08_RTC_DaylightSavingsBegin.deviation_high
                                  0000520b         1   unsigned char
      _g_Class08_RTC_DaylightSavingsBegin.deviation_low
                                  0000520c         1   unsigned char
      _g_Class08_RTC_DaylightSavingsBegin.clock_status
                                  0000520d         1   unsigned char
    }
  _g_Class08_RTC_DaylightSavingsEnd
                                  0000520e         c   data ,g         1
    struct tag_date_time_t {
                                                   c
      _g_Class08_RTC_DaylightSavingsEnd.year_high
                                  0000520e         1   unsigned char
      _g_Class08_RTC_DaylightSavingsEnd.year_low
                                  0000520f         1   unsigned char
      _g_Class08_RTC_DaylightSavingsEnd.month
                                  00005210         1   unsigned char
      _g_Class08_RTC_DaylightSavingsEnd.day_of_month
                                  00005211         1   unsigned char
      _g_Class08_RTC_DaylightSavingsEnd.day_of_week
                                  00005212         1   unsigned char
      _g_Class08_RTC_DaylightSavingsEnd.hour
                                  00005213         1   unsigned char
      _g_Class08_RTC_DaylightSavingsEnd.minute
                                  00005214         1   unsigned char
      _g_Class08_RTC_DaylightSavingsEnd.second
                                  00005215         1   unsigned char
      _g_Class08_RTC_DaylightSavingsEnd.hundredths
                                  00005216         1   unsigned char
      _g_Class08_RTC_DaylightSavingsEnd.deviation_high
                                  00005217         1   unsigned char
      _g_Class08_RTC_DaylightSavingsEnd.deviation_low
                                  00005218         1   unsigned char
      _g_Class08_RTC_DaylightSavingsEnd.clock_status
                                  00005219         1   unsigned char
    }
  _g_Class08_RTC_DaylightSavingsDeviation
                                  0000521a         1   data ,g         1
  _g_Class08_RTC_DaylightSavingsEnabled
                                  0000521b         1   data ,g         1
  _g_Class08_RTC_ClockBase
                                  0000521c         1   data ,g         1
  _g_ChildTableClass08
                                  0000521e        28   data ,g         1
    struct tag_class08_child_record_t {
                                                  28
      _g_ChildTableClass08.logical_name
                                  0000521e         6   unsigned char
      _g_ChildTableClass08.p_access_right
                                  00005224         4   [near pointer]
      _g_ChildTableClass08.time
                                  00005226         a
    struct tag_dyn_value_t {
                                                   a
      _g_ChildTableClass08.time.choice
                                  00005226         2
    struct tag_choice_t {
                                                   2
      _g_ChildTableClass08.time.choice.type
                                  00005226         1   enum tag_attr_type_t
      _g_ChildTableClass08.time.choice.size
                                  00005227         1   signed char
    }
      _g_ChildTableClass08.time.buffer
                                  00005228         4   [near pointer]
      _g_ChildTableClass08.time.access
                                  0000522a         6
    struct tag_attr_access_t {
                                                   6
      _g_ChildTableClass08.time.access.method
                                  0000522a         1   enum tag_attr_access_method_t
      _g_ChildTableClass08.time.access.addr
                                  0000522c         2   unsigned short
      _g_ChildTableClass08.time.access.size
                                  0000522e         2   unsigned short
    }
    }
      _g_ChildTableClass08.p_time_zone
                                  00005230         4   [near pointer]
      _g_ChildTableClass08.status
                                  00005232         a
    struct tag_dyn_value_t {
                                                   a
      _g_ChildTableClass08.status.choice
                                  00005232         2
    struct tag_choice_t {
                                                   2
      _g_ChildTableClass08.status.choice.type
                                  00005232         1   enum tag_attr_type_t
      _g_ChildTableClass08.status.choice.size
                                  00005233         1   signed char
    }
      _g_ChildTableClass08.status.buffer
                                  00005234         4   [near pointer]
      _g_ChildTableClass08.status.access
                                  00005236         6
    struct tag_attr_access_t {
                                                   6
      _g_ChildTableClass08.status.access.method
                                  00005236         1   enum tag_attr_access_method_t
      _g_ChildTableClass08.status.access.addr
                                  00005238         2   unsigned short
      _g_ChildTableClass08.status.access.size
                                  0000523a         2   unsigned short
    }
    }
      _g_ChildTableClass08.p_daylight_savings_begin
                                  0000523c         4   [near pointer]
      _g_ChildTableClass08.p_daylight_savings_end
                                  0000523e         4   [near pointer]
      _g_ChildTableClass08.p_daylight_savings_deviation
                                  00005240         4   [near pointer]
      _g_ChildTableClass08.p_daylight_savings_enabled
                                  00005242         4   [near pointer]
      _g_ChildTableClass08.p_clock_base
                                  00005244         4   [near pointer]
    }
  _g_ChildTableLengthClass08
                                  00005246         2   data ,g         1
  _g_Class09_param
                                  00005248         2   data ,g         1
  _g_Class09_param2
                                  0000524a         2   data ,g         4
  _g_Class09_billaction
                                  0000524c        10   data ,g         1
    struct tag_script_action_spec_t {
                                                  10
      _g_Class09_billaction.service_id
                                  0000524c         1   enum tag_service_t
      _g_Class09_billaction.class_id
                                  0000524e         2   unsigned short
      _g_Class09_billaction.logical_name
                                  00005250         6   unsigned char
      _g_Class09_billaction.index
                                  00005256         1   signed char
      _g_Class09_billaction.parameter
                                  00005258         4
    struct tag_value_t {
                                                   4
      _g_Class09_billaction.parameter.choice
                                  00005258         2
    struct tag_choice_t {
                                                   2
      _g_Class09_billaction.parameter.choice.type
                                  00005258         1   enum tag_attr_type_t
      _g_Class09_billaction.parameter.choice.size
                                  00005259         1   signed char
    }
      _g_Class09_billaction.parameter.buffer
                                  0000525a         4   [near pointer]
    }
    }
  _g_Class09_Script_Billing
                                  0000525c         6   data ,g         1
    struct tag_script_t {
                                                   6
      _g_Class09_Script_Billing.script_id
                                  0000525c         2   unsigned short
      _g_Class09_Script_Billing.p_actions
                                  0000525e         4   [near pointer]
      _g_Class09_Script_Billing.nr_actions
                                  00005260         1   unsigned char
    }
  _g_Class09_tariffaction
                                  00005262        40   data ,g         4
    struct tag_script_action_spec_t {
                                                  10
      _g_Class09_tariffaction.service_id
                                  00005262         1   enum tag_service_t
      _g_Class09_tariffaction.class_id
                                  00005264         2   unsigned short
      _g_Class09_tariffaction.logical_name
                                  00005266         6   unsigned char
      _g_Class09_tariffaction.index
                                  0000526c         1   signed char
      _g_Class09_tariffaction.parameter
                                  0000526e         4
    struct tag_value_t {
                                                   4
      _g_Class09_tariffaction.parameter.choice
                                  0000526e         2
    struct tag_choice_t {
                                                   2
      _g_Class09_tariffaction.parameter.choice.type
                                  0000526e         1   enum tag_attr_type_t
      _g_Class09_tariffaction.parameter.choice.size
                                  0000526f         1   signed char
    }
      _g_Class09_tariffaction.parameter.buffer
                                  00005270         4   [near pointer]
    }
    }
  _g_Class09_Script_Tariff
                                  000052a2        18   data ,g         1
    struct tag_script_t {
                                                   6
      _g_Class09_Script_Tariff.script_id
                                  000052a2         2   unsigned short
      _g_Class09_Script_Tariff.p_actions
                                  000052a4         4   [near pointer]
      _g_Class09_Script_Tariff.nr_actions
                                  000052a6         1   unsigned char
    }
  _g_ChildTableClass09
                                  000052ba        18   data ,g         1
    struct tag_class09_child_record_t {
                                                   c
      _g_ChildTableClass09.logical_name
                                  000052ba         6   unsigned char
      _g_ChildTableClass09.p_access_right
                                  000052c0         4   [near pointer]
      _g_ChildTableClass09.p_scripts
                                  000052c2         4   [near pointer]
      _g_ChildTableClass09.nr_scripts
                                  000052c4         1   unsigned char
    }
  _g_ChildTableLengthClass09
                                  000052d2         2   data ,g         1
  _secret0
                                  000052d4         1   data ,g         1
  _g_ChildTableClass15
                                  000052d6        54   data ,g        10
    struct tag_class15_child_record_t {
                                                  1c
      _g_ChildTableClass15.logical_name
                                  000052d6         6   unsigned char
      _g_ChildTableClass15.p_access_right
                                  000052dc         4   [near pointer]
      _g_ChildTableClass15.partners_id
                                  000052de         4
    struct tag_associated_partners_t {
                                                   4
      _g_ChildTableClass15.partners_id.client_SAP
                                  000052de         1   signed char
      _g_ChildTableClass15.partners_id.server_SAP
                                  000052e0         2   unsigned short
    }
      _g_ChildTableClass15.context_id
                                  000052e2         1   unsigned char
      _g_ChildTableClass15.mechanism_id
                                  000052e3         1   unsigned char
      _g_ChildTableClass15.conformance
                                  000052e4         3
    union  tag_conformance_t {
                                                   3
      _g_ChildTableClass15.conformance.bytes
                                  000052e4         3
    struct  {
                                                   3
      _g_ChildTableClass15.conformance.bytes.bytes0
                                  000052e4         1   unsigned char
      _g_ChildTableClass15.conformance.bytes.bytes1
                                  000052e5         1   unsigned char
      _g_ChildTableClass15.conformance.bytes.bytes2
                                  000052e6         1   unsigned char
    }
      _g_ChildTableClass15.conformance.bits
                                  000052e4         3
    struct  {
                                                   3
      _g_ChildTableClass15.conformance.bits.reserved4
                                  000052e4         1   unsigned char:1(7)
      _g_ChildTableClass15.conformance.bits.reserved3
                                  000052e4         1   unsigned char:1(6)
      _g_ChildTableClass15.conformance.bits.unconfirmed_write
                                  000052e4         1   unsigned char:1(5)
      _g_ChildTableClass15.conformance.bits.write
                                  000052e4         1   unsigned char:1(4)
      _g_ChildTableClass15.conformance.bits.read
                                  000052e4         1   unsigned char:1(3)
      _g_ChildTableClass15.conformance.bits.reserved2
                                  000052e4         1   unsigned char:1(2)
      _g_ChildTableClass15.conformance.bits.reserved1
                                  000052e4         1   unsigned char:1(1)
      _g_ChildTableClass15.conformance.bits.reserved0
                                  000052e4         1   unsigned char:1(0)
      _g_ChildTableClass15.conformance.bits.information_report
                                  000052e5         1   unsigned char:1(7)
      _g_ChildTableClass15.conformance.bits.multiple_references
                                  000052e5         1   unsigned char:1(6)
      _g_ChildTableClass15.conformance.bits.block_transfer_with_action
                                  000052e5         1   unsigned char:1(5)
      _g_ChildTableClass15.conformance.bits.block_transfer_with_set
                                  000052e5         1   unsigned char:1(4)
      _g_ChildTableClass15.conformance.bits.block_transfer_with_get
                                  000052e5         1   unsigned char:1(3)
      _g_ChildTableClass15.conformance.bits.attribute0_supported_with_get
                                  000052e5         1   unsigned char:1(2)
      _g_ChildTableClass15.conformance.bits.priority_mgmt_supported
                                  000052e5         1   unsigned char:1(1)
      _g_ChildTableClass15.conformance.bits.attribute0_supported_with_set
                                  000052e5         1   unsigned char:1(0)
      _g_ChildTableClass15.conformance.bits.action
                                  000052e6         1   unsigned char:1(7)
      _g_ChildTableClass15.conformance.bits.event_notification
                                  000052e6         1   unsigned char:1(6)
      _g_ChildTableClass15.conformance.bits.selective_access
                                  000052e6         1   unsigned char:1(5)
      _g_ChildTableClass15.conformance.bits.set
                                  000052e6         1   unsigned char:1(4)
      _g_ChildTableClass15.conformance.bits.get
                                  000052e6         1   unsigned char:1(3)
      _g_ChildTableClass15.conformance.bits.parameterized_access
                                  000052e6         1   unsigned char:1(2)
      _g_ChildTableClass15.conformance.bits.reserved6
                                  000052e6         1   unsigned char:1(1)
      _g_ChildTableClass15.conformance.bits.reserved5
                                  000052e6         1   unsigned char:1(0)
    }
    }
      _g_ChildTableClass15.dlms_version
                                  000052e7         1   unsigned char
      _g_ChildTableClass15.p_secret_key
                                  000052e8         4   [near pointer]
      _g_ChildTableClass15.p_shared_key
                                  000052ea         4   [near pointer]
      _g_ChildTableClass15.p_status
                                  000052ec         4   [near pointer]
      _g_ChildTableClass15.p_authen_status
                                  000052ee         4   [near pointer]
      _g_ChildTableClass15.p_security_setup_ref
                                  000052f0         4   [near pointer]
    }
  _g_ChildTableLengthClass15
                                  0000533c         2   data ,g         4
  _g_LDN_name1
                                  0000533e        11   data ,g         1
  _g_Class17_SAP_lists
                                  00005350         6   data ,g         1
    struct tag_asslist_entry_t {
                                                   6
      _g_Class17_SAP_lists.sap
                                  00005350         2   unsigned short
      _g_Class17_SAP_lists.logical_device_name
                                  00005352         4
    struct tag_value_t {
                                                   4
      _g_Class17_SAP_lists.logical_device_name.choice
                                  00005352         2
    struct tag_choice_t {
                                                   2
      _g_Class17_SAP_lists.logical_device_name.choice.type
                                  00005352         1   enum tag_attr_type_t
      _g_Class17_SAP_lists.logical_device_name.choice.size
                                  00005353         1   signed char
    }
      _g_Class17_SAP_lists.logical_device_name.buffer
                                  00005354         4   [near pointer]
    }
    }
  _g_ChildTableClass17
                                  00005356         c   data ,g         1
    struct tag_class17_child_record_t {
                                                   c
      _g_ChildTableClass17.logical_name
                                  00005356         6   unsigned char
      _g_ChildTableClass17.p_access_right
                                  0000535c         4   [near pointer]
      _g_ChildTableClass17.p_sap_assignment
                                  0000535e         4   [near pointer]
      _g_ChildTableClass17.nr_sap_assignment
                                  00005360         1   unsigned char
    }
  _g_ChildTableLengthClass17
                                  00005362         2   data ,g         1
  _g_Class20_calendar_active_len
                                  00005364         1   data ,g         1
  _g_Class20_calendar_passive_len
                                  00005365         1   data ,g         1
  _g_ChildTableClass20
                                  00005366        2a   data ,g         1
    struct tag_class20_child_record_t {
                                                  2a
      _g_ChildTableClass20.logical_name
                                  00005366         6   unsigned char
      _g_ChildTableClass20.p_access_right
                                  0000536c         4   [near pointer]
      _g_ChildTableClass20.p_calendar_name_active
                                  0000536e         4   [near pointer]
      _g_ChildTableClass20.p_calendar_name_active_len
                                  00005370         4   [near pointer]
      _g_ChildTableClass20.p_season_profile_active
                                  00005372         4   [near pointer]
      _g_ChildTableClass20.nr_season_profile_active
                                  00005374         1   unsigned char
      _g_ChildTableClass20.p_week_profile_active
                                  00005376         4   [near pointer]
      _g_ChildTableClass20.nr_week_profile_active
                                  00005378         1   unsigned char
      _g_ChildTableClass20.p_day_profile_active
                                  0000537a         4   [near pointer]
      _g_ChildTableClass20.nr_day_profile_active
                                  0000537c         1   unsigned char
      _g_ChildTableClass20.p_calendar_name_passive
                                  0000537e         4   [near pointer]
      _g_ChildTableClass20.p_calendar_name_passive_len
                                  00005380         4   [near pointer]
      _g_ChildTableClass20.p_season_profile_passive
                                  00005382         4   [near pointer]
      _g_ChildTableClass20.nr_season_profile_passive
                                  00005384         1   unsigned char
      _g_ChildTableClass20.p_week_profile_passive
                                  00005386         4   [near pointer]
      _g_ChildTableClass20.nr_week_profile_passive
                                  00005388         1   unsigned char
      _g_ChildTableClass20.p_day_profile_passive
                                  0000538a         4   [near pointer]
      _g_ChildTableClass20.nr_day_profile_passive
                                  0000538c         1   unsigned char
      _g_ChildTableClass20.p_activate_calendar_passive
                                  0000538e         4   [near pointer]
    }
  _g_ChildTableLengthClass20
                                  00005390         2   data ,g         1
  _g_Class22_billscript
                                  00005392         8   data ,g         1
    struct tag_action_item_t {
                                                   8
      _g_Class22_billscript.script_logical_name
                                  00005392         6   unsigned char
      _g_Class22_billscript.script_selector
                                  00005398         2   unsigned short
    }
  _g_Class22_bill_exetime
                                  0000539a         4   data ,g         3
    struct tag_execution_time_date_t {
                                                   4
      _g_Class22_bill_exetime.p_time
                                  0000539a         4   [near pointer]
      _g_Class22_bill_exetime.p_date
                                  0000539c         4   [near pointer]
    }
  _g_Class22_billtype
                                  0000539e         1   data ,g         1
  _g_ChildTableClass22
                                  000053a0        10   data ,g         1
    struct tag_class22_child_record_t {
                                                  10
      _g_ChildTableClass22.logical_name
                                  000053a0         6   unsigned char
      _g_ChildTableClass22.p_access_right
                                  000053a6         4   [near pointer]
      _g_ChildTableClass22.p_executed_script
                                  000053a8         4   [near pointer]
      _g_ChildTableClass22.p_type
                                  000053aa         4   [near pointer]
      _g_ChildTableClass22.p_execution_time
                                  000053ac         4   [near pointer]
      _g_ChildTableClass22.nr_execution_time
                                  000053ae         1   unsigned char
    }
  _g_ChildTableLengthClass22
                                  000053b0         2   data ,g         1
  _g_Class23_device_addr
                                  000053b2         2   data ,g         1
  _g_Class23_comm_speed
                                  000053b4         1   data ,g         1
  _g_Class23_window_size_transmit
                                  000053b5         1   data ,g         1
  _g_Class23_window_size_receive
                                  000053b6         1   data ,g         1
  _g_Class23_max_info_field_length_transmit
                                  000053b8         2   data ,g         1
  _g_Class23_max_info_field_length_receive
                                  000053ba         2   data ,g         1
  _g_Class23_inter_octet_time_out
                                  000053bc         2   data ,g         1
  _g_Class23_inactivity_time_out
                                  000053be         2   data ,g         1
  _g_ChildTableClass23
                                  000053c0        18   data ,g         1
    struct tag_class23_child_record_t {
                                                  18
      _g_ChildTableClass23.logical_name
                                  000053c0         6   unsigned char
      _g_ChildTableClass23.p_access_right
                                  000053c6         4   [near pointer]
      _g_ChildTableClass23.p_comm_speed
                                  000053c8         4   [near pointer]
      _g_ChildTableClass23.p_window_size_transmit
                                  000053ca         4   [near pointer]
      _g_ChildTableClass23.p_window_size_receive
                                  000053cc         4   [near pointer]
      _g_ChildTableClass23.p_max_info_field_length_transmit
                                  000053ce         4   [near pointer]
      _g_ChildTableClass23.p_max_info_field_length_receive
                                  000053d0         4   [near pointer]
      _g_ChildTableClass23.p_inter_octet_time_out
                                  000053d2         4   [near pointer]
      _g_ChildTableClass23.p_inactivity_time_out
                                  000053d4         4   [near pointer]
      _g_ChildTableClass23.p_device_address
                                  000053d6         4   [near pointer]
    }
  _g_ChildTableLengthClass23
                                  000053d8         2   data ,g         1
  _g_Class64_obj0_master_key
                                  000053da        10   data ,g         1
  _g_Class64_obj1_master_key
                                  000053ea        10   data ,g         1
  _g_ChildTableClass64
                                  000053fa        38   data ,g         d
    struct tag_class64_child_record_t {
                                                  1c
      _g_ChildTableClass64.logical_name
                                  000053fa         6   unsigned char
      _g_ChildTableClass64.p_access_right
                                  00005400         4   [near pointer]
      _g_ChildTableClass64.p_security_policy
                                  00005402         4   [near pointer]
      _g_ChildTableClass64.p_security_suit
                                  00005404         4   [near pointer]
      _g_ChildTableClass64.p_client_title
                                  00005406         4   [near pointer]
      _g_ChildTableClass64.p_server_title
                                  00005408         4   [near pointer]
      _g_ChildTableClass64.p_master_key
                                  0000540a         4   [near pointer]
      _g_ChildTableClass64.p_global_unicast_key
                                  0000540c         4   [near pointer]
      _g_ChildTableClass64.p_global_broadcast_key
                                  0000540e         4   [near pointer]
      _g_ChildTableClass64.p_dedicated_unicast_key
                                  00005410         4   [near pointer]
      _g_ChildTableClass64.p_authentication_key
                                  00005412         4   [near pointer]
      _g_ChildTableClass64.p_frame_counter
                                  00005414         4   [near pointer]
    }
  _g_ChildTableLengthClass64
                                  00005432         2   data ,g         2
FILE=Output\r_dlms_user_interface.obj
                                  00005434  0000544d        1a
  _g_DayOfWeek
                                  00005434         7   data ,g         2
FILE=Output\r_dlms_obis.obj
                                  0000544e  00005a6b       61e
  _g_MasterTable
                                  0000544e       5cc   data ,g        21
    struct tag_master_record_t {
                                                   e
      _g_MasterTable.class_version
                                  0000544e         1   unsigned char
      _g_MasterTable.number_attrs
                                  0000544f         1   unsigned char
      _g_MasterTable.number_methods
                                  00005450         1   unsigned char
      _g_MasterTable.fp_distributor
                                  00005452         4   [far pointer]
      _g_MasterTable.child_list_size
                                  00005456         4   [near pointer]
      _g_MasterTable.child_list_pointer
                                  00005458         4   [near pointer]
      _g_MasterTable.child_item_size
                                  0000545a         2   unsigned short
    }
  _g_TotalMasterTableElements
                                  00005a1a         2   data ,g         3
FILE=Output\r_dlms_obis_ic.obj
                                  00005a6c  00005ab3        48
FILE=Output\DLMS_User.obj
                                  00005ab4  00005aed        3a
  _ServerPhysicalAddress
                                  00005ab4         4   data ,g         1
  _DeviceAddress
                                  00005ab8         7   data ,g         1
  _ManufacturerID
                                  00005abf         4   data ,g         1
  _ID
                                  00005ac3         4   data ,g         1
  _UserServerConfig
                                  00005ac8        26   data ,g         1
    struct  {
                                                  26
      _UserServerConfig.Channel_info
                                  00005ac8         4   [near pointer]
      _UserServerConfig.SerialInit_FuncPtr
                                  00005aca         4   [far pointer]
      _UserServerConfig.SerialConfig_FuncPtr
                                  00005ace         4   [far pointer]
      _UserServerConfig.SerialTx_FuncPtr
                                  00005ad2         4   [far pointer]
      _UserServerConfig.Server_Buffer
                                  00005ad6         4   [near pointer]
      _UserServerConfig.ServerPhysicalAddress
                                  00005ad8         4   [near pointer]
      _UserServerConfig.DeviceAddress
                                  00005ada         4   [near pointer]
      _UserServerConfig.ManufacturerID
                                  00005adc         4   [near pointer]
      _UserServerConfig.ID
                                  00005ade         4   [near pointer]
      _UserServerConfig.Server_BufferSize
                                  00005ae0         2   unsigned short
      _UserServerConfig.Response_Timeout
                                  00005ae2         2   unsigned short
      _UserServerConfig.Inactivity_Timeout
                                  00005ae4         2   unsigned short
      _UserServerConfig.Interframe_Timeout
                                  00005ae6         2   unsigned short
      _UserServerConfig.Channel_maxcount
                                  00005ae8         1   unsigned char
      _UserServerConfig.AdressByteMode
                                  00005ae9         1   unsigned char
      _UserServerConfig.IEC_BaudRate
                                  00005aea         1   unsigned char
      _UserServerConfig.HDLC_BaudRate
                                  00005aeb         1   unsigned char
      _UserServerConfig.Windows_size
                                  00005aec         1   unsigned char
      _UserServerConfig.dummy
                                  00005aed         1   unsigned char
    }
FILE=Output\AppTampers.obj
                                  00005aee  00005b73        86
  _dlmsEventCode
                                  00005aee        16   data ,g         3
  _EventCountIndex
                                  00005b04         b   data ,g         3
  _EventLen
                                  00005b0f         4   data ,g         3
  _startAdd
                                  00005b14         8   data ,g         2
  _EventCountIndex_AP
                                  00005b1c         b   data ,g         3
  _EventLen_AP
                                  00005b27         b   data ,g         2
  _startAdd_AP
                                  00005b32        16   data ,g         2
FILE=Output\AppNMTask.obj
                                  00005b74  00005b77         4
  _nmgbltotaldays
                                  00005b74         4   data ,g         3
FILE=Output\AppHarmonics.obj
                                  00005b78  00005bd5        5e
  _Sin50Hz
                                  00005b78        27   data ,g         0
  _Cos50Hz
                                  00005b9f        27   data ,g         0
  _Cos250Hz
                                  00005bc6         8   data ,g         0
  _Sin250Hz
                                  00005bce         8   data ,g         0
FILE=Output\AppCustomerProtocol.obj
                                  00005bd6  00005c59        84
  _FirmwareVersion
                                  00005bd6        11   data ,g         1
FILE=aes
                                  00005c5a  00005f58       2ff
  _sbox@4
                                  00005c5a       100   data ,l         1
  _rsbox@5
                                  00005d5a       100   data ,l         1
  _Rcon@6
                                  00005e5a        ff   data ,l         1
FILE=DLMS_Wrapper
                                  00005f5a  00005f88        2f
  _DLMSVersion
                                  00005f5a         7   data ,g         0
  _DLMSInfo
                                  00005f61        28   data ,g         0
FILE=rl78_sw_dc_correction_config
                                  00005f8a  00005f9d        14
  _g_dc_imunity_config_default_4k_50Hz
                                  00005f8a         a   data ,g         0
  _g_dc_imunity_config_default_2k_50Hz
                                  00005f94         a   data ,g         1
    struct tag_dc_imunity_config_t {
                                                   a
      _g_dc_imunity_config_default_2k_50Hz.peak_detect_cycle
                                  00005f94         2   unsigned short
      _g_dc_imunity_config_default_2k_50Hz.dc_continous_count
                                  00005f96         2   unsigned short
      _g_dc_imunity_config_default_2k_50Hz.max_dc_count
                                  00005f98         2   unsigned short
      _g_dc_imunity_config_default_2k_50Hz.dc_operation_max_sample_count
                                  00005f9a         2   unsigned short
      _g_dc_imunity_config_default_2k_50Hz.dc_operation_min_sample_count
                                  00005f9c         2   unsigned short
    }
FILE=fcs
                                  00005f9e  0000619d       200
  _fcstab
                                  00005f9e       200   data ,g         2

SECTION=.text
FILE=Output\cstart.obj
                                  0000619e  000061f7        5a
  _start
                                  0000619e         0   none ,g         0
  _exit
                                  000061f6         0   none ,g         1
FILE=Output\d8bitTimer.obj
                                  000061f8  00006235        3e
  _Interrupt_16BIT_TIMER0@1
                                  000061f8        27   func ,l         0
  _Interrupt_16BIT_TIMER1@1
                                  0000621f        17   func ,l         0
FILE=Output\dRtc.obj
                                  00006236  0000624b        16
  _Interrupt_RTC_SECOND@1
                                  00006236        16   func ,l         0
FILE=Output\di2c.obj
                                  0000624c  00006266        1b
  _r_iica0_interrupt@1
                                  0000624c        1b   func ,l         0
FILE=Output\dIOCtrl.obj
                                  00006267  00006278        12
  _Interrupt_mains_supply@1
                                  00006267         2   func ,l         0
  _Interrupt_Push_Button@1
                                  00006269         e   func ,l         0
  _Interrupt_Cover_Switch@1
                                  00006277         2   func ,l         0
FILE=Output\dUart.obj
                                  00006279  0000644c       1d4
  _UART0_Interrupt_Receive@1
                                  00006279        cf   func ,l         0
  _UART0_Interrupt_Send@1
                                  00006348         5   func ,l         0
  _UART2_Interrupt_Receive@1
                                  0000634d        fb   func ,l         0
  _UART2_Interrupt_Send@1
                                  00006448         5   func ,l         0
FILE=Output\d12bitTimer.obj
                                  0000644d  00006537        eb
  _Interrupt_12BIT_TIMER@1
                                  0000644d        eb   func ,l         0
FILE=Output\dDeltaSigmaADC.obj
                                  00006538  0000696a       433
  _Interrupt_DSAD@1
                                  00006538       433   func ,l         0
FILE=Output\dLVD.obj
                                  0000696b  0000696e         4
  _Interrupt_LVD@1
                                  0000696b         4   func ,l         0
FILE=Output\dOsd.obj
                                  0000696f  0000697d         f
  _Interrupt_OSD@1
                                  0000696f         f   func ,l         0

SECTION=.RLIB
FILE=memcpy
                                  0000697e  0000698e        11
  _memcpy
                                  0000697e         0   none ,g        17
FILE=memset
                                  0000698f  0000699c         e
  _memset
                                  0000698f         0   none ,g         f
FILE=_COM_faddsub
                                  0000699d  00006ad7       13b
  __COM_fsub
                                  000069f9         0   none ,g         5
  __COM_fadd
                                  00006a01         0   none ,g        15
FILE=_COM_fdiv
                                  00006ad8  00006c05       12e
  __COM_fdiv
                                  00006b37         0   none ,g         3
FILE=_COM_fmul
                                  00006c06  00006cf2        ed
  __COM_fmul
                                  00006c51         0   none ,g         f
FILE=_COM_ftosl
                                  00006cf3  00006cfa         8
  __COM_ftosl
                                  00006cf3         0   none ,g         1
FILE=_COM_ftoul
                                  00006cfb  00006d06         c
  __COM_ftoul
                                  00006cfb         0   none ,g         9
FILE=_COM_llmul
                                  00006d07  00006d50        4a
  __COM_llmul
                                  00006d07         0   none ,g         5
  __REL_llmul_addh
                                  00006d3f         0   none ,g         2
FILE=_COM_lshr
                                  00006d51  00006d71        21
  __COM_lshr
                                  00006d5b         0   none ,g         2
FILE=_COM_sidiv
                                  00006d72  00006d93        22
  __COM_sidiv
                                  00006d74         0   none ,g         1
FILE=_COM_sldiv
                                  00006d94  00006de2        4f
  __COM_sldiv
                                  00006d99         0   none ,g         5
FILE=_COM_slldiv
                                  00006de3  00006e35        53
  __COM_slldiv
                                  00006de3         0   none ,g         2
FILE=_COM_sltof
                                  00006e36  00006e4d        18
  __COM_sltof
                                  00006e36         0   none ,g         1
FILE=_COM_ulldiv
                                  00006e4e  00006e77        2a
  __COM_ulldiv
                                  00006e4e         0   none ,g         a
FILE=_COM_ulltof
                                  00006e78  00006e83         c
  __COM_ulltof
                                  00006e78         0   none ,g         6
FILE=_COM_ultof
                                  00006e84  00006e89         6
  __COM_ultof
                                  00006e84         0   none ,g         3
FILE=_COM_fgt
                                  00006e8a  00006e9f        16
  __COM_fgt
                                  00006e8a         0   none ,g         1
FILE=_COM_fle
                                  00006ea0  00006eb5        16
  __COM_fle
[...]
                                          0057(00019437:.textf)
                                          0057(00019470:.textf)
                                          0057(000194a5:.textf)
                                          0057(000194bf:.textf)
                                          0057(000195a0:.textf)
                                          0057(000195af:.textf)
                                          0057(000195b6:.textf)
                                          0057(000195d2:.textf)
                                          0057(000195dc:.textf)
                                          0057(000195ee:.textf)
                                          0057(00019608:.textf)
                                          0057(00019630:.textf)
                                          0057(00019641:.textf)
                                          0084(00019e10:.textf)
                                          0084(00019e24:.textf)
                                          0084(00019e4c:.textf)
                                          0084(00019e82:.textf)
                                          0084(00019e96:.textf)
                                          0084(00019fed:.textf)
                                          0084(0001a033:.textf)
                                          0084(0001a08b:.textf)
                                          0084(0001a0bc:.textf)
                                          0084(0001a13e:.textf)
                                          0084(0001a14d:.textf)
                                          0084(0001a18f:.textf)
                                          0084(0001a1ca:.textf)
                                          0084(0001a2c8:.textf)
                                          0084(0001a30c:.textf)
                                          0084(0001a3fa:.textf)
                                          0084(0001a560:.textf)
                                          0084(0001a56e:.textf)
                                          0084(0001a5ac:.textf)
                                          0084(0001a5ba:.textf)
                                          0087(0001ae93:.textf)
                                          0087(0001aed4:.textf)
                                          0088(0001af07:.textf)
                                          0109(0001b373:.textf)
                                          0109(0001b399:.textf)
                                          0109(0001b48e:.textf)
                                          0110(0001b4af:.textf)
     SECTION=.bss
                 _HDLC_FrameOutput
                                 000ffd64 0085(0001a970:.textf)
                                          0085(0001a979:.textf)
                                          0085(0001a97c:.textf)
                                          0085(0001a982:.textf)
                                          0085(0001a988:.textf)
                                          0085(0001a994:.textf)
                                          0085(0001a9ac:.textf)
                                          0085(0001a9b7:.textf)
                                          0085(0001a9df:.textf)
                                          0085(0001a9e3:.textf)
                                          0085(0001a9ea:.textf)
                                          0085(0001a9ed:.textf)
                                          0085(0001aaac:.textf)
                                          0085(0001aab8:.textf)
                                          0085(0001ab0e:.textf)
                                          0085(0001ab1a:.textf)
                                          0085(0001ab23:.textf)
                                          0085(0001ab78:.textf)
                                          0085(0001abc0:.textf)
                                          0085(0001abda:.textf)
                                          0085(0001abfc:.textf)
                                          0085(0001ac4f:.textf)
                 _FRMR_Response
                                 000ffd72 0085(0001a81c:.textf)
                                          0085(0001a81f:.textf)
                                          0085(0001a861:.textf)
                                          0085(0001a864:.textf)
                                          0110(0001b4ac:.textf)
0086 Datalink_Timeout
     SECTION=.textf
                 _DataLinkTimeoutInit
                                 0001ac60 0085(0001a600:.textf)
                 _DataLinkTimeoutCount
                                 0001aca0 0060(000199ca:.textf)
                 _DataLinkTimeoutResponseSTART
                                 0001ad89
                 _DataLinkTimeoutResponseRESET
                                 0001ad98 0086(0001ac93:.textf)
                 _DataLinkTimeoutResponseSTOP
                                 0001ada0 0086(0001ac84:.textf)
                 _DataLinkTimeoutInterFrameSTART
                                 0001ada6 0085(0001a62e:.textf)
                 _DataLinkTimeoutInterFrameRESET
                                 0001adb5 0085(0001a613:.textf)
                                          0085(0001a69c:.textf)
                                          0086(0001ac9e:.textf)
                                          0086(0001ad27:.textf)
                                          0086(0001ad6a:.textf)
                 _DataLinkTimeoutInterFrameSTOP
                                 0001adbd 0085(0001a6a2:.textf)
                                          0086(0001ac8e:.textf)
                                          0086(0001adf6:.textf)
                 _DataLinkTimeoutInactivitySTART
                                 0001adc3 0054(00018206:.textf)
                                          0085(0001a6c7:.textf)
                                          0085(0001aa71:.textf)
                                          0085(0001aae2:.textf)
                 _DataLinkTimeoutInactivityRESET
                                 0001add2 0054(000181fe:.textf)
                                          0085(0001a619:.textf)
                                          0085(0001a6bf:.textf)
                                          0086(0001ac98:.textf)
                                          0086(0001ad20:.textf)
                 _DataLinkTimeoutInactivitySTOP
                                 0001adda 0085(0001a634:.textf)
                                          0086(0001ac89:.textf)
                                          0086(0001ad2e:.textf)
0087 ActionService
     SECTION=.textf
                 _ResetActionAsyncService
                                 0001ae17
                 _DecodeActionRequestNormal
                                 0001ae18 0055(0001852a:.textf)
                 _DecodeActionRequestNextPBlk
                                 0001ae6a 0055(00018531:.textf)
                 _DecodeActionRequestWithList
                                 0001ae6b 0055(00018538:.textf)
                 _DecodeActionRequestWithFirstBlk
                                 0001ae6c 0055(0001853f:.textf)
                 _DecodeActionRequestListFirstBlk
                                 0001ae6d 0055(00018546:.textf)
                 _DecodeActionRequestWithPBlk
                                 0001ae6e 0055(0001854d:.textf)
                 _DecodeActionRequestFail
                                 0001ae6f 0055(00018523:.textf)
                 _EncodeActionResponseNormal
                                 0001ae70 0055(0001859d:.textf)
                 _EncodeActionResponseWithPBlk
                                 0001aecb 0055(00018588:.textf)
                 _EncodeActionResponseNextPBlk
                                 0001aecd 0055(00018596:.textf)
                 _EncodeActionResponseWithList
                                 0001aecf 0055(0001858f:.textf)
                 _EncodeActionResponseFail
                                 0001aed1 0055(00018581:.textf)
     SECTION=.bss
                 _Action_Req_Normal
                                 000ffd76 0087(0001ae1c:.textf)
                                          0087(0001ae2b:.textf)
                                          0087(0001ae44:.textf)
                                          0087(0001ae60:.textf)
                 _ActionResponseNormal
                                 000ffd84 0087(0001ae47:.textf)
                                          0087(0001ae65:.textf)
                                          0087(0001ae84:.textf)
                                          0087(0001ae90:.textf)
                 _Action_Data_Pointer
                                 000ffd88 0087(0001ae77:.textf)
                                          0087(0001ae97:.textf)
                                          0087(0001aeb2:.textf)
0088 EventService
     SECTION=.textf
                 _EncodeEventNotificationRequest
                                 0001aeda 0055(000185df:.textf)
0089 errno
     SECTION=.dataR
                 _errno
                                 000fe3de 0063(000075cf:.SLIB)
                                          0064(00007734:.SLIB)
                                          0066(000077af:.SLIB)
                                          0066(000077b7:.SLIB)
     SECTION=.data
0090 _REL_asincosfsub
     SECTION=.SLIB
                 __REL_poly_acosf
                                 0000797b 0063(000076d1:.SLIB)
                 __REL_poly_acosf_neg
                                 00007ab1 0063(0000770b:.SLIB)
     SECTION=.constf
                 ___asincosf_const_tbl
                                 0001b518 0063(000075e3:.SLIB)
                                          0063(000075e6:.SLIB)
                                          0063(000075ec:.SLIB)
                                          0063(000075f2:.SLIB)
                                          0063(000075f8:.SLIB)
                 ___asinf_coeff
                                 0001b520 0063(00007659:.SLIB)
                                          0063(0000765c:.SLIB)
0091 _REL_nanf_value
     SECTION=.SLIB
                 __REL_nanf_value
                                 00007ade 0063(000075d2:.SLIB)
0092 _COM_fgt
     SECTION=.RLIB
                 __COM_fgt
                                 00006e8a 0063(0000761c:.SLIB)
0093 _COM_fle
     SECTION=.RLIB
                 __COM_fle
                                 00006ea0 0063(000076b5:.SLIB)
0094 _COM_fne
     SECTION=.RLIB
                 __COM_fne
                                 00006eb6 0063(000075a9:.SLIB)
                                          0063(000075bf:.SLIB)
0095 _COM_funordered
     SECTION=.RLIB
                 __COM_funordered
                                 00006ec7 0063(00007607:.SLIB)
                                          0063(000076a5:.SLIB)
0096 _COM_lmul
     SECTION=.RLIB
                 __COM_lmul
                                 00006ed2 0075(00006d20:.RLIB)
                                          0075(00006d35:.RLIB)
0097 _COM_mulul
     SECTION=.RLIB
                 __COM_mulul
                                 00006eed 0075(00006d17:.RLIB)
0098 _COM_sirem
     SECTION=.RLIB
                 __COM_sirem
                                 00006f4a 0059(00019944:.textf)
0099 _REL_ftol
     SECTION=.RLIB
                 __REL_ftol
                                 00006f6a 0073(00006cf4:.RLIB)
                                          0074(00006d01:.RLIB)
0100 _REL_f_inf
     SECTION=.RLIB
                 __REL_f_inf
                                 00006f9f 0070(00006a90:.RLIB)
                                          0071(00006b21:.RLIB)
                                          0071(00006bc1:.RLIB)
                                          0072(00006c23:.RLIB)
                                          0072(00006cc6:.RLIB)
0101 _REL_f_norm
     SECTION=.RLIB
                 __REL_f_norm
                                 00006fa7 0071(00006b02:.RLIB)
                                          0071(00006b2d:.RLIB)
                                          0072(00006c44:.RLIB)
0102 _REL_f_round
     SECTION=.RLIB
                 __REL_f_round
                                 00006fb7 0070(00006a9d:.RLIB)
                                          0070(00006ad5:.RLIB)
                                          0071(00006c03:.RLIB)
                                          0072(00006cd3:.RLIB)
0103 _REL_lldiv
     SECTION=.RLIB
                 __REL_lldiv
                                 00006fe6 0079(00006e2a:.RLIB)
                                          0081(00006e75:.RLIB)
0104 _REL_llrev
     SECTION=.RLIB
                 __REL_llrev
                                 000071d1 0079(00006e0f:.RLIB)
                                          0079(00006e1f:.RLIB)
                                          0079(00006e32:.RLIB)
0105 _REL_lltof
     SECTION=.RLIB
                 __REL_lltof
                                 000071f1 0082(00006e81:.RLIB)
0106 _REL_ltof
     SECTION=.RLIB
                 __REL_ltof
                                 0000724e 0080(00006e4b:.RLIB)
                                          0083(00006e87:.RLIB)
0107 _REL_ltosl
     SECTION=.RLIB
                 __REL_ltosl
                                 00007298 0073(00006cf8:.RLIB)
0108 SNRM_UA
     SECTION=.textf
                 _DataLinkSNRMdecode
                                 0001af16 0085(0001aa89:.textf)
                 _DataLinkUAencode
                                 0001b029 0085(0001aaaf:.textf)
                                          0085(0001ab11:.textf)
                 _DataLinkDMencode
                                 0001b14b 0085(0001ab1d:.textf)
0109 IFRAME
     SECTION=.textf
                 _DataLinkSegmentClear
                                 0001b160 0085(0001a5f3:.textf)
                                          0109(0001b243:.textf)
                 _DataLinkIFrameDecode
                                 0001b18a 0085(0001ab5d:.textf)
                 _IFrameDataDecode
                                 0001b265 0109(0001b228:.textf)
                 _DataLinkIFrameEncode
                                 0001b2de 0085(0001ab7b:.textf)
                 _IFrameDataEncode
                                 0001b3b6 0109(0001b2f8:.textf)
                 _DataLinkRRDecode
                                 0001b414 0085(0001aba8:.textf)
                 _DataLinkRREncode
                                 0001b43e 0085(0001abc3:.textf)
0110 FRMR
     SECTION=.textf
                 _DataLinkFRMRencode
                                 0001b492 0085(0001abdd:.textf)
0111 fcs
     SECTION=.const
                 _fcstab
                                 00005f9e 0111(0001b4e8:.textf)
                                          0111(0001b4f4:.textf)
     SECTION=.textf
                 _CalcFcs
                                 0001b4be 0085(0001ac3e:.textf)
                                          0085(0001ac56:.textf)
     SECTION=.bss
                 _current
                                 000ffd8a 0111(0001b4ca:.textf)
                                          0111(0001b503:.textf)
                                          0111(0001b512:.textf)
                 _test
                                 000ffd8c 0111(0001b4c3:.textf)
                 _test2
                                 000ffd8e 0111(0001b4df:.textf)
                 _test3
                                 000ffd90 0111(0001b4eb:.textf)
0112 _COM_feq
     SECTION=.RLIB
                 __COM_feq
                                 000072bd 0094(00006ebf:.RLIB)
0113 _COM_mului
     SECTION=.RLIB
                 __COM_mului
                                 000072d3 0097(00006ef3:.RLIB)
                                          0097(00006f02:.RLIB)
                                          0097(00006f18:.RLIB)
                                          0097(00006f35:.RLIB)
0114 _REL_fcmp
     SECTION=.RLIB
                 __REL_fcmp
                                 000072d7 0092(00006e94:.RLIB)
                                          0093(00006eaa:.RLIB)
                                          0112(000072c7:.RLIB)
0115 _REL_fordered_core
     SECTION=.RLIB
                 __REL_fordered_core
                                 0000730f 0092(00006e8d:.RLIB)
                                          0093(00006ea3:.RLIB)
                                          0095(00006eca:.RLIB)
                                          0112(000072c0:.RLIB)
0116 _REL_setexp_ll
     SECTION=.RLIB
                 __REL_setexp_ll
                                 0000732b 0105(00007207:.RLIB)
0117 rlink_generates_01
     SECTION=.option_byte
0118 rlink_generates_02
     SECTION=.monitor1
     SECTION=.monitor2
0119 rlink_generates_03
     SECTION=.security_id
0120 rlink_generates_04
     SECTION=.vect
0121 rlink_generates_05
     SECTION=
                 __s.vect
                                 00000000
                 __e.vect
                                 00000080
                 __s.option_byte
                                 000000c0
                 __e.option_byte
                                 000000c4
                 __s.security_id
                                 000000c4
                 __s.monitor1
                                 000000ce
                 __e.security_id
                                 000000ce
                 __e.monitor1
                                 000000d8
                 __sDEFAULT_SET_AT400
                                 00000400
                 __eDEFAULT_SET_AT400
                                 00000538
                 __sBOOT_VTABLE_AT1000
                                 00001000
                 __s.const
                                 00003000
                 __eBOOT_VTABLE_AT1000
                                 00003000
                 __s.text
                                 0000619e
                 __e.const
                                 0000619e
                 __e.text
                                 0000697e
                 __s.RLIB
                                 0000697e
                 __e.RLIB
                                 00007375
                 __s.SLIB
                                 00007375
                 __s.textf
                                 00007ae3
                 __e.SLIB
                                 00007ae3
                 __e.textf
                                 0001b517
                 __s.constf
                                 0001b518
                 __e.constf
                                 0001b558
                 __s.data
                                 0001b558
                 __e.data
                                 0001ba38
                 __s.sdata
                                 0001ba38
                 __e.sdata
                                 0001ba38
                 __s.monitor2
                                 0001fe00
                 __e.monitor2
                                 00020000
                 __s.dataR
                                 000fdf00
                 __RAM_ADDR_START
                                 000fdf00
                 __s.bss
                                 000fe3e0
                 __e.dataR
                                 000fe3e0
                 __e.bss
                                 000ffd92
                 __s.sbss
                                 000ffe20
                 __e.sbss
                                 000ffe20
                 __s.sdataR
                                 000ffe20
                 __e.sdataR
                                 000ffe20
                 __STACK_ADDR_END
                                 000ffe22 0002(000061a3:.text)
                 __RAM_ADDR_END
                                 000ffee0
                 __STACK_ADDR_START
                                 000ffee0 0002(000061a0:.text)
